../Core/Src/main.c:74:5:_write	8	static
../Core/Src/main.c:81:9:opcodes_to_spi	0	static
../Core/Src/main.c:89:10:read_single_reg	40	static
../Core/Src/main.c:112:6:write_single_reg	16	static
../Core/Src/main.c:123:7:adc_to_volt	24	static
../Core/Src/main.c:128:7:adc_to_psi	8	static
../Core/Src/main.c:135:6:actuate	0	static
../Core/Src/main.c:143:6:abort_valves	24	static
../Core/Src/main.c:329:6:SystemClock_Config	96	static,ignoring_inline_asm
../Core/Src/main.c:163:5:main	120	static
../Core/Src/main.c:382:6:HAL_TIM_PeriodElapsedCallback	0	static
../Core/Src/main.c:387:6:HAL_UART_RxCpltCallback	0	static
../Core/Src/main.c:394:6:HAL_UART_ErrorCallback	0	static
../Core/Src/main.c:404:6:Error_Handler	0	static,ignoring_inline_asm
